ASxxxx Linker V03.00 + NoICE + sdld,  page 1.
Hexadecimal  [32-Bits]

Area                                    Addr        Size        Decimal Bytes (Attributes)
--------------------------------        ----        ----        ------- ----- ------------
.  .ABS.                            00000000    00000000 =           0. bytes (ABS,CON)

      Value  Global                              Global Defined In Module
      -----  --------------------------------   ------------------------
     00000000  .__.ABS.                           call_hl
     00000000  _rRAMG                             
     00000000  l__BASE                         
     00000000  l__BSS                          
     00000000  l__CABS                         
     00000000  l__CODE_0                       
     00000000  l__DABS                         
     00000000  l__FONT_HEADER                  
     00000000  l__HEADER                       
     00000000  l__HEADER_LCD                   
     00000000  l__HEAP                         
     00000000  l__HEAP_END                     
     00000000  l__HRAM                         
     00000000  l__LIT                          
     00000000  s__CABS                         
     00000000  s__DABS                         
     00000000  s__FONT_HEADER                  
     00000000  s__FONT_HEADER0                 
     00000000  s__HEADER                       
     00000000  s__HEADER0                      
     00000000  s__HEADER1                      
     00000000  s__HEADER10                     
     00000000  s__HEADER11                     
     00000000  s__HEADER2                      
     00000000  s__HEADER3                      
     00000000  s__HEADER4                      
     00000000  s__HEADER5                      
     00000000  s__HEADER6                      
     00000000  s__HEADER7                      
     00000000  s__HEADER8                      
     00000000  s__HEADER9                      
     00000000  s__HEADER_LCD                   
     00000000  s__HEADER_LCD0                  
     00000000  s__HEADERa                      
     00000000  s__HEADERb                      
     00000000  s__HEADERc                      
     00000000  s__HEADERd                      
     00000000  s__HEADERe                      
     00000000  s__HEADERf                      
     00000000  s__HRAM                         
     00000000  s__HRAM12                       
     00000001  l__GSFINAL                      
     00000001  l__HEADER0                      
     00000001  l__HEADER11                     
     00000001  l__HEADER9                      
     00000001  l__HEADERa                      
     00000001  l__HEADERb                      
     00000001  l__HEADERd                      
     00000001  l__HEADERe                      
     00000002  l__HEADER5                      
ASxxxx Linker V03.00 + NoICE + sdld,  page 2.
Hexadecimal  [32-Bits]

Area                                    Addr        Size        Decimal Bytes (Attributes)
--------------------------------        ----        ----        ------- ----- ------------
.  .ABS.                            00000000    00000000 =           0. bytes (ABS,CON)

      Value  Global                              Global Defined In Module
      -----  --------------------------------   ------------------------
     00000002  l__HEADERc                      
     00000002  l__HEADERf                      
     00000003  l__FONT_HEADER0                 
     00000003  l__HEADER8                      
     00000003  l__HEADER_LCD0                  
     00000003  l__HRAM12                       
     00000005  l__HEADER1                      
     00000006  l__HEADER7                      
     00000007  l__HEADER2                      
     00000008  l__HEADER3                      
     0000000C  l__GSINIT                       
     0000001A  l__INITIALIZED                  
     0000001A  l__INITIALIZER                  
     00000030  l__HEADER6                      
     0000004C  l__HEADER4                      
     00000079  l__DATA                         
     00000084  l__HEADER10                     
     00000200  s__CODE                         
     00000963  l__HOME                         
     00002000  _rROMB0                            
     00003000  _rROMB1                            
     00003240  l__CODE                         
     00003440  s__HOME                         
     00003DA3  s__BASE                         
     00003DA3  s__CODE_0                       
     00003DA3  s__INITIALIZER                  
     00003DA3  s__LIT                          
     00003DBD  s__GSINIT                       
     00003DC9  s__GSFINAL                      
     00004000  _rRAMB                             
     00008000  __VRAM                             
     00008000  __VRAM8000                         
     00008800  __VRAM8800                         
     00009000  __VRAM9000                         
     00009800  __SCRN0                            
     00009C00  __SCRN1                            
     0000A000  __SRAM                             
     0000C000  __RAM                              
     0000C000  _shadow_OAM                     
     0000C0A0  s__DATA                         
     0000C119  s__BSS                          
     0000C119  s__INITIALIZED                  
     0000C133  s__HEAP                         
     0000C133  s__HEAP_END                     
     0000D000  __RAMBANK                          
     0000E000  .STACK                          
     0000FE00  __OAMRAM                           
     0000FF00  _P1_REG                            
     0000FF00  __IO                               
     0000FF01  _SB_REG                            
     0000FF02  _SC_REG                            
ASxxxx Linker V03.00 + NoICE + sdld,  page 3.
Hexadecimal  [32-Bits]

Area                                    Addr        Size        Decimal Bytes (Attributes)
--------------------------------        ----        ----        ------- ----- ------------
.  .ABS.                            00000000    00000000 =           0. bytes (ABS,CON)

      Value  Global                              Global Defined In Module
      -----  --------------------------------   ------------------------
     0000FF04  _DIV_REG                           
     0000FF05  _TIMA_REG                          
     0000FF06  _TMA_REG                           
     0000FF07  _TAC_REG                           
     0000FF0F  _IF_REG                            
     0000FF10  _NR10_REG                          
     0000FF11  _NR11_REG                          
     0000FF12  _NR12_REG                          
     0000FF13  _NR13_REG                          
     0000FF14  _NR14_REG                          
     0000FF16  _NR21_REG                          
     0000FF17  _NR22_REG                          
     0000FF18  _NR23_REG                          
     0000FF19  _NR24_REG                          
     0000FF1A  _NR30_REG                          
     0000FF1B  _NR31_REG                          
     0000FF1C  _NR32_REG                          
     0000FF1D  _NR33_REG                          
     0000FF1E  _NR34_REG                          
     0000FF20  _NR41_REG                          
     0000FF21  _NR42_REG                          
     0000FF22  _NR43_REG                          
     0000FF23  _NR44_REG                          
     0000FF24  _NR50_REG                          
     0000FF25  _NR51_REG                          
     0000FF26  _NR52_REG                          
     0000FF30  _AUD3WAVE                          
     0000FF30  _PCM_SAMPLE                        
     0000FF30  __AUD3WAVERAM                      
     0000FF40  _LCDC_REG                          
     0000FF41  _STAT_REG                          
     0000FF42  _SCY_REG                           
     0000FF43  _SCX_REG                           
     0000FF44  _LY_REG                            
     0000FF45  _LYC_REG                           
     0000FF46  _DMA_REG                           
     0000FF47  _BGP_REG                           
     0000FF48  _OBP0_REG                          
     0000FF49  _OBP1_REG                          
     0000FF4A  _WY_REG                            
     0000FF4B  _WX_REG                            
     0000FF4D  _KEY1_REG                          
     0000FF4F  _VBK_REG                           
     0000FF51  _HDMA1_REG                         
     0000FF52  _HDMA2_REG                         
     0000FF53  _HDMA3_REG                         
     0000FF54  _HDMA4_REG                         
     0000FF55  _HDMA5_REG                         
     0000FF56  _RP_REG                            
     0000FF68  _BCPS_REG                          
     0000FF69  _BCPD_REG                          
ASxxxx Linker V03.00 + NoICE + sdld,  page 4.
Hexadecimal  [32-Bits]

Area                                    Addr        Size        Decimal Bytes (Attributes)
--------------------------------        ----        ----        ------- ----- ------------
.  .ABS.                            00000000    00000000 =           0. bytes (ABS,CON)

      Value  Global                              Global Defined In Module
      -----  --------------------------------   ------------------------
     0000FF6A  _OCPS_REG                          
     0000FF6B  _OCPD_REG                          
     0000FF70  _SVBK_REG                          
     0000FF76  _PCM12_REG                         
     0000FF77  _PCM34_REG                         
     0000FF80  .refresh_OAM                    
     0000FF80  __HRAM                             
     0000FFFF  _IE_REG                            

ASxxxx Linker V03.00 + NoICE + sdld,  page 5.
Hexadecimal  [32-Bits]

Area                                    Addr        Size        Decimal Bytes (Attributes)
--------------------------------        ----        ----        ------- ----- ------------
_CODE                               00000200    00003240 =       12864. bytes (REL,CON)

      Value  Global                              Global Defined In Module
      -----  --------------------------------   ------------------------
     00000200  A$main$123                         main
     00000200  C$card_structures.c$17$0_0$139     main
     00000200  G$display_card$0$0                 main
     00000200  _display_card                      main
     00000202  A$main$124                         main
     00000203  A$main$125                         main
     00000204  A$main$127                         main
     00000207  A$main$128                         main
     00000208  A$main$129                         main
     00000209  A$main$130                         main
     0000020A  A$main$131                         main
     0000020B  A$main$132                         main
     0000020C  A$main$133                         main
     0000020D  A$main$134                         main
     0000020E  A$main$135                         main
     00000210  A$main$136                         main
     00000211  A$main$137                         main
     00000214  A$main$138                         main
     00000215  A$main$139                         main
     00000216  A$main$140                         main
     00000217  A$main$141                         main
     00000219  A$main$142                         main
     0000021A  A$main$143                         main
     0000021B  A$main$144                         main
     0000021C  A$main$145                         main
     0000021E  A$main$146                         main
     0000021F  A$main$147                         main
     00000220  A$main$148                         main
     00000221  A$main$149                         main
     00000222  A$main$150                         main
     00000223  A$main$151                         main
     00000224  A$main$152                         main
     00000225  A$main$153                         main
     00000226  A$main$155                         main
     00000227  A$main$158                         main
     00000229  A$main$161                         main
     0000022A  A$main$162                         main
     0000022B  A$main$163                         main
     0000022E  A$main$164                         main
     0000022F  A$main$165                         main
     00000230  A$main$166                         main
     00000231  A$main$168                         main
     00000233  A$main$169                         main
     00000234  A$main$170                         main
     00000235  A$main$171                         main
     00000236  A$main$172                         main
     00000238  A$main$173                         main
     00000239  A$main$174                         main
     0000023A  A$main$176                         main
     0000023B  A$main$177                         main
ASxxxx Linker V03.00 + NoICE + sdld,  page 6.
Hexadecimal  [32-Bits]

Area                                    Addr        Size        Decimal Bytes (Attributes)
--------------------------------        ----        ----        ------- ----- ------------
_CODE                               00000200    00003240 =       12864. bytes (REL,CON)

      Value  Global                              Global Defined In Module
      -----  --------------------------------   ------------------------
     0000023C  A$main$178                         main
     0000023D  A$main$179                         main
     0000023F  A$main$180                         main
     00000241  A$main$181                         main
     00000242  A$main$182                         main
     00000243  A$main$183                         main
     00000244  A$main$184                         main
     00000245  A$main$185                         main
     00000246  A$main$186                         main
     00000247  A$main$187                         main
     00000248  A$main$188                         main
     00000249  A$main$189                         main
     0000024A  A$main$191                         main
     0000024B  A$main$192                         main
     0000024E  A$main$195                         main
     00000250  A$main$198                         main
     00000251  A$main$199                         main
     00000252  A$main$200                         main
     00000253  A$main$201                         main
     00000254  A$main$202                         main
     00000255  A$main$204                         main
     00000257  A$main$205                         main
     00000258  A$main$206                         main
     00000259  A$main$207                         main
     0000025A  A$main$208                         main
     0000025C  A$main$209                         main
     0000025D  A$main$210                         main
     0000025E  A$main$217                         main
     0000025E  C$card_structures.c$19$3_0$139     main
     00000260  A$main$222                         main
     00000260  C$card_structures.c$20$3_0$139     main
     00000260  XG$display_card$0$0                main
     00000261  G$bkg_5_cards$0_0$0                main
     00000261  _bkg_5_cards                       main
     00000289  G$bkg_6_cards$0_0$0                main
     00000289  _bkg_6_cards                       main
     000002B6  G$bkg_score_w_card1$0_0$0          main
     000002B6  _bkg_score_w_card1                 main
     000002CA  G$bkg_hs_o$0_0$0                   main
     000002CA  _bkg_hs_o                          main
     000002D4  G$bkg_winner$0_0$0                 main
     000002D4  _bkg_winner                        main
     000002F2  G$bkg_push$0_0$0                   main
     000002F2  _bkg_push                          main
     00000313  G$bkg_loser$0_0$0                  main
     00000313  _bkg_loser                         main
     00000331  G$bkg_surrender$0_0$0              main
     00000331  _bkg_surrender                     main
     00000358  G$bkg_tab$0_0$0                    main
     00000358  _bkg_tab                           main
     000004C0  G$bkg_tiles_alt$0_0$0              main
ASxxxx Linker V03.00 + NoICE + sdld,  page 7.
Hexadecimal  [32-Bits]

Area                                    Addr        Size        Decimal Bytes (Attributes)
--------------------------------        ----        ----        ------- ----- ------------
_CODE                               00000200    00003240 =       12864. bytes (REL,CON)

      Value  Global                              Global Defined In Module
      -----  --------------------------------   ------------------------
     000004C0  _bkg_tiles_alt                     main
     00000C50  G$bkg_ins$0_0$0                    main
     00000C50  _bkg_ins                           main
     00000C8C  G$card_tiles$0_0$0                 main
     00000C8C  _card_tiles                        main
     000013CC  A$main$4715                        main
     000013CC  C$card_structures.c$22$3_0$147     main
     000013CC  G$display_card_1$0$0               main
     000013CC  _display_card_1                    main
     000013CD  A$main$4716                        main
     000013CE  A$main$4717                        main
     000013D0  A$main$4718                        main
     000013D1  A$main$4720                        main
     000013D3  A$main$4721                        main
     000013D4  A$main$4722                        main
     000013D5  A$main$4723                        main
     000013D6  A$main$4725                        main
     000013D7  A$main$4728                        main
     000013D9  A$main$4731                        main
     000013DA  A$main$4732                        main
     000013DB  A$main$4733                        main
     000013DE  A$main$4734                        main
     000013DF  A$main$4736                        main
     000013E0  A$main$4737                        main
     000013E1  A$main$4738                        main
     000013E2  A$main$4740                        main
     000013E3  A$main$4741                        main
     000013E5  A$main$4742                        main
     000013E6  A$main$4744                        main
     000013E8  A$main$4745                        main
     000013E9  A$main$4746                        main
     000013EB  A$main$4747                        main
     000013EC  A$main$4748                        main
     000013ED  A$main$4749                        main
     000013EE  A$main$4750                        main
     000013EF  A$main$4751                        main
     000013F2  A$main$4752                        main
     000013F3  A$main$4754                        main
     000013F4  A$main$4755                        main
     000013F5  A$main$4756                        main
     000013F6  A$main$4763                        main
     000013F6  C$card_structures.c$24$3_0$147     main
     000013F6  C$card_structures.c$25$3_0$147     main
     000013F7  A$main$4764                        main
     000013F8  A$main$4765                        main
     000013F9  A$main$4766                        main
     000013FA  A$main$4776                        main
     000013FA  C$card_structures.c$27$3_0$155     main
     000013FA  G$card_init$0$0                    main
     000013FA  _card_init                         main
     000013FC  A$main$4777                        main
ASxxxx Linker V03.00 + NoICE + sdld,  page 8.
Hexadecimal  [32-Bits]

Area                                    Addr        Size        Decimal Bytes (Attributes)
--------------------------------        ----        ----        ------- ----- ------------
_CODE                               00000200    00003240 =       12864. bytes (REL,CON)

      Value  Global                              Global Defined In Module
      -----  --------------------------------   ------------------------
     000013FE  A$main$4778                        main
     000013FF  A$main$4779                        main
     00001400  A$main$4780                        main
     00001401  A$main$4784                        main
     00001401  C$card_structures.c$35$1_0$155     main
     00001402  A$main$4785                        main
     00001404  A$main$4786                        main
     00001406  A$main$4787                        main
     00001407  A$main$4791                        main
     00001407  C$card_structures.c$36$1_0$155     main
     00001408  A$main$4792                        main
     0000140A  A$main$4793                        main
     0000140C  A$main$4797                        main
     0000140C  C$card_structures.c$38$1_0$155     main
     0000140D  A$main$4798                        main
     0000140E  A$main$4799                        main
     0000140F  A$main$4803                        main
     0000140F  C$card_structures.c$39$1_0$155     main
     00001410  A$main$4804                        main
     00001411  A$main$4805                        main
     00001412  A$main$4806                        main
     00001413  A$main$4807                        main
     00001414  A$main$4808                        main
     00001415  A$main$4809                        main
     00001416  A$main$4810                        main
     00001417  A$main$4811                        main
     00001418  A$main$4812                        main
     00001419  A$main$4813                        main
     0000141A  A$main$4814                        main
     0000141B  A$main$4815                        main
     0000141C  A$main$4816                        main
     0000141D  A$main$4817                        main
     0000141F  A$main$4818                        main
     00001420  A$main$4819                        main
     00001422  A$main$4820                        main
     00001423  A$main$4821                        main
     00001425  A$main$4826                        main
     00001425  C$card_structures.c$40$2_0$157     main
     00001427  A$main$4827                        main
     00001428  A$main$4828                        main
     00001429  A$main$4833                        main
     00001429  C$card_structures.c$41$1_0$155     main
     0000142B  A$main$4834                        main
     0000142C  A$main$4835                        main
     0000142D  A$main$4836                        main
     0000142E  A$main$4837                        main
     00001431  A$main$4838                        main
     00001432  A$main$4839                        main
     00001433  A$main$4840                        main
     00001434  A$main$4841                        main
     00001436  A$main$4842                        main
ASxxxx Linker V03.00 + NoICE + sdld,  page 9.
Hexadecimal  [32-Bits]

Area                                    Addr        Size        Decimal Bytes (Attributes)
--------------------------------        ----        ----        ------- ----- ------------
_CODE                               00000200    00003240 =       12864. bytes (REL,CON)

      Value  Global                              Global Defined In Module
      -----  --------------------------------   ------------------------
     00001437  A$main$4843                        main
     00001438  A$main$4847                        main
     00001438  C$card_structures.c$42$1_0$155     main
     0000143A  A$main$4848                        main
     0000143B  A$main$4849                        main
     0000143C  A$main$4850                        main
     0000143D  A$main$4851                        main
     00001440  A$main$4852                        main
     00001441  A$main$4853                        main
     00001442  A$main$4854                        main
     00001443  A$main$4855                        main
     00001445  A$main$4857                        main
     00001446  A$main$4858                        main
     00001447  A$main$4859                        main
     00001448  A$main$4860                        main
     0000144A  A$main$4861                        main
     0000144B  A$main$4862                        main
     0000144D  A$main$4863                        main
     0000144E  A$main$4864                        main
     00001450  A$main$4865                        main
     00001451  A$main$4866                        main
     00001452  A$main$4867                        main
     00001453  A$main$4868                        main
     00001454  A$main$4869                        main
     00001455  A$main$4870                        main
     00001456  A$main$4872                        main
     00001458  A$main$4875                        main
     00001459  A$main$4876                        main
     0000145A  A$main$4877                        main
     0000145B  A$main$4878                        main
     0000145E  A$main$4879                        main
     0000145F  A$main$4880                        main
     00001460  A$main$4881                        main
     00001461  A$main$4882                        main
     00001462  A$main$4883                        main
     00001463  A$main$4884                        main
     00001465  A$main$4885                        main
     00001466  A$main$4886                        main
     00001467  A$main$4890                        main
     00001467  C$card_structures.c$45$1_0$155     main
     00001469  A$main$4891                        main
     0000146A  A$main$4892                        main
     0000146B  A$main$4893                        main
     0000146C  A$main$4894                        main
     0000146D  A$main$4895                        main
     0000146E  A$main$4896                        main
     00001470  A$main$4897                        main
     00001471  A$main$4898                        main
     00001472  A$main$4899                        main
     00001473  A$main$4900                        main
     00001474  A$main$4904                        main
ASxxxx Linker V03.00 + NoICE + sdld,  page 10.
Hexadecimal  [32-Bits]

Area                                    Addr        Size        Decimal Bytes (Attributes)
--------------------------------        ----        ----        ------- ----- ------------
_CODE                               00000200    00003240 =       12864. bytes (REL,CON)

      Value  Global                              Global Defined In Module
      -----  --------------------------------   ------------------------
     00001474  C$card_structures.c$46$1_0$155     main
     00001476  A$main$4905                        main
     00001477  A$main$4906                        main
     00001478  A$main$4907                        main
     00001479  A$main$4908                        main
     0000147A  A$main$4909                        main
     0000147B  A$main$4910                        main
     0000147C  A$main$4911                        main
     0000147D  A$main$4912                        main
     0000147E  A$main$4913                        main
     0000147F  A$main$4914                        main
     00001480  A$main$4916                        main
     00001482  A$main$4917                        main
     00001483  A$main$4918                        main
     00001484  A$main$4919                        main
     00001485  A$main$4920                        main
     00001486  A$main$4921                        main
     00001487  A$main$4923                        main
     00001489  A$main$4924                        main
     0000148A  A$main$4925                        main
     0000148B  A$main$4926                        main
     0000148D  A$main$4927                        main
     0000148F  A$main$4929                        main
     00001491  A$main$4930                        main
     00001493  A$main$4931                        main
     00001494  A$main$4932                        main
     00001496  A$main$4933                        main
     00001497  A$main$4934                        main
     00001499  A$main$4935                        main
     0000149A  A$main$4936                        main
     0000149B  A$main$4937                        main
     0000149C  A$main$4938                        main
     0000149D  A$main$4939                        main
     000014A0  A$main$4940                        main
     000014A1  A$main$4941                        main
     000014A2  A$main$4942                        main
     000014A3  A$main$4943                        main
     000014A5  A$main$4944                        main
     000014A6  A$main$4945                        main
     000014A7  A$main$4946                        main
     000014A8  A$main$4947                        main
     000014AA  A$main$4948                        main
     000014AB  A$main$4949                        main
     000014AC  A$main$4950                        main
     000014AD  A$main$4951                        main
     000014AE  A$main$4952                        main
     000014B1  A$main$4953                        main
     000014B2  A$main$4954                        main
     000014B3  A$main$4955                        main
     000014B4  A$main$4956                        main
     000014B6  A$main$4957                        main
ASxxxx Linker V03.00 + NoICE + sdld,  page 11.
Hexadecimal  [32-Bits]

Area                                    Addr        Size        Decimal Bytes (Attributes)
--------------------------------        ----        ----        ------- ----- ------------
_CODE                               00000200    00003240 =       12864. bytes (REL,CON)

      Value  Global                              Global Defined In Module
      -----  --------------------------------   ------------------------
     000014B7  A$main$4958                        main
     000014B8  A$main$4959                        main
     000014B9  A$main$4960                        main
     000014BB  A$main$4961                        main
     000014BC  A$main$4962                        main
     000014BD  A$main$4963                        main
     000014BE  A$main$4964                        main
     000014BF  A$main$4965                        main
     000014C1  A$main$4966                        main
     000014C2  A$main$4967                        main
     000014C3  A$main$4971                        main
     000014C3  C$card_structures.c$49$1_0$155     main
     000014C5  A$main$4972                        main
     000014C6  A$main$4973                        main
     000014C7  A$main$4974                        main
     000014C8  A$main$4975                        main
     000014C9  A$main$4976                        main
     000014CA  A$main$4977                        main
     000014CB  A$main$4978                        main
     000014CC  A$main$4979                        main
     000014CD  A$main$4980                        main
     000014CF  A$main$4981                        main
     000014D0  A$main$4982                        main
     000014D1  A$main$4983                        main
     000014D2  A$main$4984                        main
     000014D4  A$main$4985                        main
     000014D5  A$main$4986                        main
     000014D7  A$main$4987                        main
     000014D8  A$main$4988                        main
     000014D9  A$main$4989                        main
     000014DA  A$main$4990                        main
     000014DB  A$main$4991                        main
     000014DC  A$main$4992                        main
     000014DE  A$main$4993                        main
     000014DF  A$main$4994                        main
     000014E0  A$main$4995                        main
     000014E1  A$main$4996                        main
     000014E2  A$main$5000                        main
     000014E2  C$card_structures.c$50$1_0$155     main
     000014E4  A$main$5001                        main
     000014E5  A$main$5002                        main
     000014E6  A$main$5003                        main
     000014E7  A$main$5004                        main
     000014E8  A$main$5005                        main
     000014E9  A$main$5006                        main
     000014EA  A$main$5007                        main
     000014EB  A$main$5008                        main
     000014EC  A$main$5009                        main
     000014ED  A$main$5010                        main
     000014EE  A$main$5011                        main
     000014EF  A$main$5015                        main
ASxxxx Linker V03.00 + NoICE + sdld,  page 12.
Hexadecimal  [32-Bits]

Area                                    Addr        Size        Decimal Bytes (Attributes)
--------------------------------        ----        ----        ------- ----- ------------
_CODE                               00000200    00003240 =       12864. bytes (REL,CON)

      Value  Global                              Global Defined In Module
      -----  --------------------------------   ------------------------
     000014EF  C$card_structures.c$51$1_0$155     main
     000014F1  A$main$5016                        main
     000014F2  A$main$5017                        main
     000014F4  A$main$5018                        main
     000014F5  A$main$5028                        main
     000014F5  C$card_structures.c$60$1_0$166     main
     000014F5  G$shuffle$0$0                      main
     000014F5  _shuffle                           main
     000014F7  A$main$5029                        main
     000014F9  A$main$5030                        main
     000014FA  A$main$5031                        main
     000014FB  A$main$5035                        main
     000014FB  C$card_structures.c$67$2_0$166     main
     000014FD  A$main$5036                        main
     000014FF  A$main$5037                        main
     00001500  A$main$5038                        main
     00001502  A$main$5039                        main
     00001503  A$main$5040                        main
     00001505  A$main$5041                        main
     00001506  A$main$5042                        main
     00001508  A$main$5043                        main
     00001509  A$main$5044                        main
     0000150B  A$main$5045                        main
     0000150C  A$main$5046                        main
     0000150E  A$main$5047                        main
     0000150F  A$main$5048                        main
     00001511  A$main$5049                        main
     00001512  A$main$5050                        main
     00001514  A$main$5051                        main
     00001515  A$main$5052                        main
     00001517  A$main$5053                        main
     00001518  A$main$5054                        main
     0000151A  A$main$5055                        main
     0000151B  A$main$5056                        main
     0000151D  A$main$5057                        main
     0000151E  A$main$5058                        main
     00001520  A$main$5059                        main
     00001521  A$main$5060                        main
     00001523  A$main$5061                        main
     00001524  A$main$5062                        main
     00001526  A$main$5063                        main
     00001527  A$main$5064                        main
     00001529  A$main$5065                        main
     0000152A  A$main$5066                        main
     0000152C  A$main$5067                        main
     0000152D  A$main$5068                        main
     0000152F  A$main$5069                        main
     00001530  A$main$5070                        main
     00001532  A$main$5071                        main
     00001533  A$main$5072                        main
     00001535  A$main$5073                        main
ASxxxx Linker V03.00 + NoICE + sdld,  page 13.
Hexadecimal  [32-Bits]

Area                                    Addr        Size        Decimal Bytes (Attributes)
--------------------------------        ----        ----        ------- ----- ------------
_CODE                               00000200    00003240 =       12864. bytes (REL,CON)

      Value  Global                              Global Defined In Module
      -----  --------------------------------   ------------------------
     00001536  A$main$5074                        main
     00001538  A$main$5075                        main
     00001539  A$main$5076                        main
     0000153B  A$main$5077                        main
     0000153C  A$main$5078                        main
     0000153E  A$main$5079                        main
     0000153F  A$main$5080                        main
     00001541  A$main$5081                        main
     00001542  A$main$5082                        main
     00001544  A$main$5083                        main
     00001545  A$main$5084                        main
     00001547  A$main$5085                        main
     00001548  A$main$5086                        main
     0000154A  A$main$5087                        main
     0000154B  A$main$5088                        main
     0000154D  A$main$5089                        main
     0000154E  A$main$5090                        main
     00001550  A$main$5091                        main
     00001551  A$main$5092                        main
     00001553  A$main$5093                        main
     00001554  A$main$5094                        main
     00001556  A$main$5095                        main
     00001557  A$main$5096                        main
     00001559  A$main$5097                        main
     0000155A  A$main$5098                        main
     0000155C  A$main$5099                        main
     0000155D  A$main$5100                        main
     0000155F  A$main$5101                        main
     00001560  A$main$5102                        main
     00001562  A$main$5103                        main
     00001563  A$main$5104                        main
     00001565  A$main$5105                        main
     00001566  A$main$5106                        main
     00001568  A$main$5107                        main
     00001569  A$main$5108                        main
     0000156B  A$main$5109                        main
     0000156C  A$main$5110                        main
     0000156E  A$main$5111                        main
     0000156F  A$main$5112                        main
     00001571  A$main$5113                        main
     00001572  A$main$5114                        main
     00001574  A$main$5115                        main
     00001575  A$main$5116                        main
     00001577  A$main$5117                        main
     00001578  A$main$5118                        main
     0000157A  A$main$5119                        main
     0000157B  A$main$5120                        main
     0000157D  A$main$5121                        main
     0000157E  A$main$5122                        main
     00001580  A$main$5123                        main
     00001581  A$main$5124                        main
ASxxxx Linker V03.00 + NoICE + sdld,  page 14.
Hexadecimal  [32-Bits]

Area                                    Addr        Size        Decimal Bytes (Attributes)
--------------------------------        ----        ----        ------- ----- ------------
_CODE                               00000200    00003240 =       12864. bytes (REL,CON)

      Value  Global                              Global Defined In Module
      -----  --------------------------------   ------------------------
     00001583  A$main$5125                        main
     00001584  A$main$5126                        main
     00001586  A$main$5127                        main
     00001587  A$main$5128                        main
     00001589  A$main$5129                        main
     0000158A  A$main$5130                        main
     0000158C  A$main$5131                        main
     0000158D  A$main$5132                        main
     0000158F  A$main$5133                        main
     00001590  A$main$5134                        main
     00001592  A$main$5135                        main
     00001593  A$main$5136                        main
     00001595  A$main$5137                        main
     00001596  A$main$5138                        main
     00001598  A$main$5139                        main
     00001599  A$main$5140                        main
     0000159B  A$main$5141                        main
     0000159C  A$main$5142                        main
     0000159E  A$main$5143                        main
     0000159F  A$main$5144                        main
     000015A1  A$main$5145                        main
     000015A2  A$main$5146                        main
     000015A4  A$main$5147                        main
     000015A5  A$main$5148                        main
     000015A7  A$main$5149                        main
     000015A8  A$main$5150                        main
     000015AA  A$main$5151                        main
     000015AB  A$main$5152                        main
     000015AD  A$main$5153                        main
     000015AE  A$main$5154                        main
     000015B0  A$main$5155                        main
     000015B1  A$main$5156                        main
     000015B3  A$main$5157                        main
     000015B4  A$main$5158                        main
     000015B6  A$main$5159                        main
     000015B7  A$main$5160                        main
     000015B9  A$main$5161                        main
     000015BA  A$main$5162                        main
     000015BC  A$main$5163                        main
     000015BD  A$main$5164                        main
     000015BF  A$main$5165                        main
     000015C0  A$main$5166                        main
     000015C2  A$main$5167                        main
     000015C3  A$main$5168                        main
     000015C5  A$main$5169                        main
     000015C6  A$main$5170                        main
     000015C8  A$main$5171                        main
     000015C9  A$main$5172                        main
     000015CB  A$main$5173                        main
     000015CC  A$main$5174                        main
     000015CE  A$main$5175                        main
ASxxxx Linker V03.00 + NoICE + sdld,  page 15.
Hexadecimal  [32-Bits]

Area                                    Addr        Size        Decimal Bytes (Attributes)
--------------------------------        ----        ----        ------- ----- ------------
_CODE                               00000200    00003240 =       12864. bytes (REL,CON)

      Value  Global                              Global Defined In Module
      -----  --------------------------------   ------------------------
     000015CF  A$main$5176                        main
     000015D1  A$main$5177                        main
     000015D2  A$main$5178                        main
     000015D4  A$main$5179                        main
     000015D5  A$main$5180                        main
     000015D7  A$main$5181                        main
     000015D8  A$main$5182                        main
     000015DA  A$main$5183                        main
     000015DB  A$main$5184                        main
     000015DD  A$main$5185                        main
     000015DE  A$main$5186                        main
     000015E0  A$main$5187                        main
     000015E1  A$main$5188                        main
     000015E3  A$main$5189                        main
     000015E4  A$main$5190                        main
     000015E6  A$main$5191                        main
     000015E7  A$main$5192                        main
     000015E9  A$main$5193                        main
     000015EA  A$main$5194                        main
     000015EC  A$main$5195                        main
     000015ED  A$main$5196                        main
     000015EF  A$main$5197                        main
     000015F0  A$main$5198                        main
     000015F2  A$main$5199                        main
     000015F3  A$main$5200                        main
     000015F5  A$main$5201                        main
     000015F6  A$main$5202                        main
     000015F8  A$main$5203                        main
     000015F9  A$main$5204                        main
     000015FB  A$main$5205                        main
     000015FC  A$main$5206                        main
     000015FE  A$main$5207                        main
     000015FF  A$main$5208                        main
     00001601  A$main$5209                        main
     00001602  A$main$5210                        main
     00001604  A$main$5211                        main
     00001605  A$main$5212                        main
     00001607  A$main$5213                        main
     00001608  A$main$5214                        main
     0000160A  A$main$5215                        main
     0000160B  A$main$5216                        main
     0000160D  A$main$5217                        main
     0000160E  A$main$5218                        main
     00001610  A$main$5219                        main
     00001611  A$main$5220                        main
     00001613  A$main$5221                        main
     00001614  A$main$5222                        main
     00001616  A$main$5223                        main
     00001617  A$main$5224                        main
     00001619  A$main$5225                        main
     0000161A  A$main$5226                        main
ASxxxx Linker V03.00 + NoICE + sdld,  page 16.
Hexadecimal  [32-Bits]

Area                                    Addr        Size        Decimal Bytes (Attributes)
--------------------------------        ----        ----        ------- ----- ------------
_CODE                               00000200    00003240 =       12864. bytes (REL,CON)

      Value  Global                              Global Defined In Module
      -----  --------------------------------   ------------------------
     0000161C  A$main$5227                        main
     0000161D  A$main$5228                        main
     0000161F  A$main$5229                        main
     00001620  A$main$5230                        main
     00001622  A$main$5231                        main
     00001623  A$main$5232                        main
     00001625  A$main$5233                        main
     00001626  A$main$5234                        main
     00001628  A$main$5235                        main
     00001629  A$main$5236                        main
     0000162B  A$main$5237                        main
     0000162C  A$main$5238                        main
     0000162E  A$main$5239                        main
     0000162F  A$main$5240                        main
     00001631  A$main$5241                        main
     00001632  A$main$5242                        main
     00001634  A$main$5243                        main
     00001635  A$main$5244                        main
     00001637  A$main$5245                        main
     00001638  A$main$5246                        main
     0000163A  A$main$5247                        main
     0000163B  A$main$5248                        main
     0000163D  A$main$5249                        main
     0000163E  A$main$5250                        main
     00001640  A$main$5251                        main
     00001641  A$main$5252                        main
     00001643  A$main$5253                        main
     00001644  A$main$5254                        main
     00001646  A$main$5255                        main
     00001647  A$main$5256                        main
     00001649  A$main$5257                        main
     0000164A  A$main$5258                        main
     0000164C  A$main$5259                        main
     0000164D  A$main$5260                        main
     0000164F  A$main$5261                        main
     00001650  A$main$5262                        main
     00001652  A$main$5263                        main
     00001653  A$main$5264                        main
     00001655  A$main$5265                        main
     00001656  A$main$5266                        main
     00001658  A$main$5267                        main
     00001659  A$main$5268                        main
     0000165B  A$main$5269                        main
     0000165C  A$main$5270                        main
     0000165E  A$main$5271                        main
     0000165F  A$main$5272                        main
     00001661  A$main$5273                        main
     00001662  A$main$5274                        main
     00001664  A$main$5275                        main
     00001665  A$main$5276                        main
     00001667  A$main$5277                        main
ASxxxx Linker V03.00 + NoICE + sdld,  page 17.
Hexadecimal  [32-Bits]

Area                                    Addr        Size        Decimal Bytes (Attributes)
--------------------------------        ----        ----        ------- ----- ------------
_CODE                               00000200    00003240 =       12864. bytes (REL,CON)

      Value  Global                              Global Defined In Module
      -----  --------------------------------   ------------------------
     00001668  A$main$5278                        main
     0000166A  A$main$5279                        main
     0000166B  A$main$5280                        main
     0000166D  A$main$5281                        main
     0000166E  A$main$5282                        main
     00001670  A$main$5283                        main
     00001671  A$main$5284                        main
     00001673  A$main$5285                        main
     00001674  A$main$5286                        main
     00001676  A$main$5287                        main
     00001677  A$main$5288                        main
     00001679  A$main$5289                        main
     0000167A  A$main$5290                        main
     0000167C  A$main$5291                        main
     0000167D  A$main$5292                        main
     0000167F  A$main$5293                        main
     00001680  A$main$5294                        main
     00001682  A$main$5295                        main
     00001683  A$main$5296                        main
     00001685  A$main$5297                        main
     00001686  A$main$5298                        main
     00001688  A$main$5299                        main
     00001689  A$main$5300                        main
     0000168B  A$main$5301                        main
     0000168C  A$main$5302                        main
     0000168E  A$main$5303                        main
     0000168F  A$main$5304                        main
     00001691  A$main$5305                        main
     00001692  A$main$5306                        main
     00001694  A$main$5307                        main
     00001695  A$main$5308                        main
     00001697  A$main$5309                        main
     00001698  A$main$5310                        main
     0000169A  A$main$5311                        main
     0000169B  A$main$5312                        main
     0000169D  A$main$5313                        main
     0000169E  A$main$5314                        main
     000016A0  A$main$5315                        main
     000016A1  A$main$5316                        main
     000016A3  A$main$5317                        main
     000016A4  A$main$5318                        main
     000016A6  A$main$5319                        main
     000016A7  A$main$5320                        main
     000016A9  A$main$5321                        main
     000016AA  A$main$5322                        main
     000016AC  A$main$5323                        main
     000016AD  A$main$5324                        main
     000016AF  A$main$5325                        main
     000016B0  A$main$5326                        main
     000016B2  A$main$5327                        main
     000016B3  A$main$5328                        main
ASxxxx Linker V03.00 + NoICE + sdld,  page 18.
Hexadecimal  [32-Bits]

Area                                    Addr        Size        Decimal Bytes (Attributes)
--------------------------------        ----        ----        ------- ----- ------------
_CODE                               00000200    00003240 =       12864. bytes (REL,CON)

      Value  Global                              Global Defined In Module
      -----  --------------------------------   ------------------------
     000016B5  A$main$5329                        main
     000016B6  A$main$5330                        main
     000016B8  A$main$5331                        main
     000016B9  A$main$5332                        main
     000016BB  A$main$5333                        main
     000016BC  A$main$5334                        main
     000016BE  A$main$5335                        main
     000016BF  A$main$5336                        main
     000016C1  A$main$5337                        main
     000016C2  A$main$5338                        main
     000016C4  A$main$5339                        main
     000016C5  A$main$5340                        main
     000016C7  A$main$5341                        main
     000016C8  A$main$5342                        main
     000016CA  A$main$5343                        main
     000016CB  A$main$5344                        main
     000016CD  A$main$5345                        main
     000016CE  A$main$5346                        main
     000016D0  A$main$5347                        main
     000016D1  A$main$5348                        main
     000016D3  A$main$5349                        main
     000016D4  A$main$5350                        main
     000016D6  A$main$5351                        main
     000016D7  A$main$5352                        main
     000016D9  A$main$5353                        main
     000016DA  A$main$5354                        main
     000016DC  A$main$5355                        main
     000016DD  A$main$5356                        main
     000016DF  A$main$5357                        main
     000016E0  A$main$5358                        main
     000016E2  A$main$5359                        main
     000016E3  A$main$5360                        main
     000016E5  A$main$5361                        main
     000016E6  A$main$5362                        main
     000016E8  A$main$5363                        main
     000016E9  A$main$5364                        main
     000016EB  A$main$5365                        main
     000016EC  A$main$5366                        main
     000016EE  A$main$5367                        main
     000016EF  A$main$5368                        main
     000016F1  A$main$5369                        main
     000016F2  A$main$5370                        main
     000016F4  A$main$5371                        main
     000016F5  A$main$5372                        main
     000016F7  A$main$5373                        main
     000016F8  A$main$5374                        main
     000016FA  A$main$5375                        main
     000016FB  A$main$5376                        main
     000016FD  A$main$5377                        main
     000016FE  A$main$5378                        main
     00001700  A$main$5379                        main
ASxxxx Linker V03.00 + NoICE + sdld,  page 19.
Hexadecimal  [32-Bits]

Area                                    Addr        Size        Decimal Bytes (Attributes)
--------------------------------        ----        ----        ------- ----- ------------
_CODE                               00000200    00003240 =       12864. bytes (REL,CON)

      Value  Global                              Global Defined In Module
      -----  --------------------------------   ------------------------
     00001701  A$main$5380                        main
     00001703  A$main$5381                        main
     00001704  A$main$5382                        main
     00001706  A$main$5383                        main
     00001707  A$main$5384                        main
     00001709  A$main$5385                        main
     0000170A  A$main$5386                        main
     0000170C  A$main$5387                        main
     0000170D  A$main$5388                        main
     0000170F  A$main$5389                        main
     00001710  A$main$5390                        main
     00001712  A$main$5391                        main
     00001713  A$main$5392                        main
     00001715  A$main$5393                        main
     00001716  A$main$5394                        main
     00001718  A$main$5395                        main
     00001719  A$main$5396                        main
     0000171B  A$main$5397                        main
     0000171C  A$main$5398                        main
     0000171E  A$main$5399                        main
     0000171F  A$main$5400                        main
     00001721  A$main$5401                        main
     00001722  A$main$5402                        main
     00001724  A$main$5403                        main
     00001725  A$main$5404                        main
     00001727  A$main$5405                        main
     00001728  A$main$5406                        main
     0000172A  A$main$5407                        main
     0000172B  A$main$5408                        main
     0000172D  A$main$5409                        main
     0000172E  A$main$5410                        main
     00001730  A$main$5411                        main
     00001731  A$main$5412                        main
     00001733  A$main$5413                        main
     00001734  A$main$5414                        main
     00001736  A$main$5415                        main
     00001737  A$main$5416                        main
     00001739  A$main$5417                        main
     0000173A  A$main$5418                        main
     0000173C  A$main$5419                        main
     0000173D  A$main$5420                        main
     0000173F  A$main$5421                        main
     00001740  A$main$5422                        main
     00001742  A$main$5423                        main
     00001743  A$main$5424                        main
     00001745  A$main$5425                        main
     00001746  A$main$5426                        main
     00001748  A$main$5427                        main
     00001749  A$main$5428                        main
     0000174B  A$main$5429                        main
     0000174C  A$main$5430                        main
ASxxxx Linker V03.00 + NoICE + sdld,  page 20.
Hexadecimal  [32-Bits]

Area                                    Addr        Size        Decimal Bytes (Attributes)
--------------------------------        ----        ----        ------- ----- ------------
_CODE                               00000200    00003240 =       12864. bytes (REL,CON)

      Value  Global                              Global Defined In Module
      -----  --------------------------------   ------------------------
     0000174E  A$main$5431                        main
     0000174F  A$main$5432                        main
     00001751  A$main$5433                        main
     00001752  A$main$5434                        main
     00001754  A$main$5435                        main
     00001755  A$main$5436                        main
     00001757  A$main$5437                        main
     00001758  A$main$5438                        main
     0000175A  A$main$5439                        main
     0000175B  A$main$5440                        main
     0000175D  A$main$5441                        main
     0000175E  A$main$5442                        main
     00001760  A$main$5443                        main
     00001761  A$main$5444                        main
     00001763  A$main$5445                        main
     00001764  A$main$5446                        main
     00001766  A$main$5447                        main
     00001767  A$main$5448                        main
     00001769  A$main$5449                        main
     0000176A  A$main$5450                        main
     0000176C  A$main$5454                        main
     0000176C  C$card_structures.c$117$1_0$166    main
     0000176D  A$main$5455                        main
     0000176E  A$main$5456                        main
     00001770  A$main$5457                        main
     00001771  A$main$5458                        main
     00001773  A$main$5462                        main
     00001773  C$card_structures.c$118$2_0$167    main
     00001775  A$main$5463                        main
     00001776  A$main$5464                        main
     00001778  A$main$5468                        main
     00001778  C$card_structures.c$119$1_1$167    main
     0000177A  A$main$5469                        main
     0000177B  A$main$5474                        main
     0000177C  A$main$5475                        main
     0000177D  A$main$5476                        main
     0000177E  A$main$5477                        main
     0000177F  A$main$5478                        main
     00001780  A$main$5479                        main
     00001781  A$main$5483                        main
     00001781  C$card_structures.c$120$1_1$167    main
     00001782  A$main$5484                        main
     00001783  A$main$5485                        main
     00001786  A$main$5486                        main
     00001787  A$main$5487                        main
     00001788  A$main$5491                        main
     00001788  C$card_structures.c$123$3_1$169    main
     00001789  A$main$5492                        main
     0000178A  A$main$5493                        main
     0000178D  A$main$5494                        main
     0000178E  A$main$5495                        main
ASxxxx Linker V03.00 + NoICE + sdld,  page 21.
Hexadecimal  [32-Bits]

Area                                    Addr        Size        Decimal Bytes (Attributes)
--------------------------------        ----        ----        ------- ----- ------------
_CODE                               00000200    00003240 =       12864. bytes (REL,CON)

      Value  Global                              Global Defined In Module
      -----  --------------------------------   ------------------------
     0000178F  A$main$5496                        main
     00001790  A$main$5497                        main
     00001791  A$main$5498                        main
     00001792  A$main$5499                        main
     00001793  A$main$5500                        main
     00001795  A$main$5505                        main
     00001795  C$card_structures.c$124$4_1$170    main
     00001798  A$main$5506                        main
     00001799  A$main$5507                        main
     0000179B  A$main$5508                        main
     0000179E  A$main$5512                        main
     0000179E  C$card_structures.c$125$3_1$169    main
     0000179F  A$main$5513                        main
     000017A1  A$main$5514                        main
     000017A4  A$main$5515                        main
     000017A5  A$main$5516                        main
     000017A6  A$main$5517                        main
     000017A7  A$main$5518                        main
     000017A8  A$main$5519                        main
     000017A9  A$main$5520                        main
     000017AC  A$main$5521                        main
     000017AD  A$main$5522                        main
     000017AE  A$main$5523                        main
     000017AF  A$main$5524                        main
     000017B0  A$main$5525                        main
     000017B2  A$main$5529                        main
     000017B2  C$card_structures.c$126$3_1$169    main
     000017B3  A$main$5530                        main
     000017B4  A$main$5531                        main
     000017B5  A$main$5532                        main
     000017B6  A$main$5533                        main
     000017B7  A$main$5534                        main
     000017B8  A$main$5535                        main
     000017B9  A$main$5536                        main
     000017BA  A$main$5537                        main
     000017BC  A$main$5538                        main
     000017BD  A$main$5539                        main
     000017BE  A$main$5540                        main
     000017BF  A$main$5541                        main
     000017C2  A$main$5542                        main
     000017C3  A$main$5549                        main
     000017C3  C$card_structures.c$122$2_1$168    main
     000017C3  C$card_structures.c$127$3_1$169    main
     000017C4  A$main$5550                        main
     000017C5  A$main$5551                        main
     000017C6  A$main$5552                        main
     000017C7  A$main$5553                        main
     000017C8  A$main$5554                        main
     000017C9  A$main$5555                        main
     000017CB  A$main$5556                        main
     000017CD  A$main$5560                        main
ASxxxx Linker V03.00 + NoICE + sdld,  page 22.
Hexadecimal  [32-Bits]

Area                                    Addr        Size        Decimal Bytes (Attributes)
--------------------------------        ----        ----        ------- ----- ------------
_CODE                               00000200    00003240 =       12864. bytes (REL,CON)

      Value  Global                              Global Defined In Module
      -----  --------------------------------   ------------------------
     000017CF  A$main$5561                        main
     000017D1  A$main$5566                        main
     000017D1  C$card_structures.c$129$2_1$166    main
     000017D1  XG$shuffle$0$0                     main
     000017D2  A$main$5576                        main
     000017D2  C$card_structures.c$163$2_1$178    main
     000017D2  G$hand_init$0$0                    main
     000017D2  _hand_init                         main
     000017D4  A$main$5577                        main
     000017D6  A$main$5578                        main
     000017D7  A$main$5579                        main
     000017D8  A$main$5580                        main
     000017D9  A$main$5584                        main
     000017D9  C$card_structures.c$166$1_0$178    main
     000017DA  A$main$5585                        main
     000017DB  A$main$5586                        main
     000017DC  A$main$5587                        main
     000017DD  A$main$5588                        main
     000017DE  A$main$5589                        main
     000017E1  A$main$5590                        main
     000017E2  A$main$5591                        main
     000017E3  A$main$5592                        main
     000017E4  A$main$5593                        main
     000017E5  A$main$5594                        main
     000017E6  A$main$5598                        main
     000017E6  C$card_structures.c$167$1_0$178    main
     000017E8  A$main$5599                        main
     000017E9  A$main$5600                        main
     000017EA  A$main$5601                        main
     000017EB  A$main$5602                        main
     000017EE  A$main$5603                        main
     000017EF  A$main$5604                        main
     000017F0  A$main$5605                        main
     000017F1  A$main$5606                        main
     000017F3  A$main$5607                        main
     000017F4  A$main$5608                        main
     000017F5  A$main$5612                        main
     000017F5  C$card_structures.c$168$1_0$178    main
     000017F7  A$main$5613                        main
     000017F8  A$main$5614                        main
     000017F9  A$main$5615                        main
     000017FA  A$main$5616                        main
     000017FD  A$main$5617                        main
     000017FE  A$main$5618                        main
     000017FF  A$main$5619                        main
     00001800  A$main$5620                        main
     00001801  A$main$5621                        main
     00001802  A$main$5625                        main
     00001802  C$card_structures.c$169$1_0$178    main
     00001804  A$main$5626                        main
     00001805  A$main$5627                        main
ASxxxx Linker V03.00 + NoICE + sdld,  page 23.
Hexadecimal  [32-Bits]

Area                                    Addr        Size        Decimal Bytes (Attributes)
--------------------------------        ----        ----        ------- ----- ------------
_CODE                               00000200    00003240 =       12864. bytes (REL,CON)

      Value  Global                              Global Defined In Module
      -----  --------------------------------   ------------------------
     00001806  A$main$5628                        main
     00001807  A$main$5629                        main
     0000180A  A$main$5630                        main
     0000180B  A$main$5631                        main
     0000180C  A$main$5632                        main
     0000180D  A$main$5633                        main
     0000180E  A$main$5634                        main
     0000180F  A$main$5638                        main
     0000180F  C$card_structures.c$170$2_0$178    main
     00001811  A$main$5640                        main
     00001812  A$main$5641                        main
     00001813  A$main$5642                        main
     00001814  A$main$5643                        main
     00001815  A$main$5644                        main
     00001816  A$main$5645                        main
     00001818  A$main$5646                        main
     0000181A  A$main$5647                        main
     0000181B  A$main$5648                        main
     0000181C  A$main$5649                        main
     0000181D  A$main$5650                        main
     0000181E  A$main$5651                        main
     0000181F  A$main$5652                        main
     00001820  A$main$5653                        main
     00001821  A$main$5654                        main
     00001822  A$main$5655                        main
     00001823  A$main$5656                        main
     00001824  A$main$5657                        main
     00001825  A$main$5658                        main
     00001826  A$main$5659                        main
     00001827  A$main$5660                        main
     00001829  A$main$5661                        main
     0000182B  A$main$5665                        main
     0000182B  C$card_structures.c$171$1_0$178    main
     0000182D  A$main$5666                        main
     0000182E  A$main$5667                        main
     0000182F  A$main$5668                        main
     00001830  A$main$5669                        main
     00001833  A$main$5670                        main
     00001834  A$main$5671                        main
     00001835  A$main$5672                        main
     00001836  A$main$5673                        main
     00001837  A$main$5674                        main
     00001838  A$main$5676                        main
     0000183A  A$main$5677                        main
     0000183B  A$main$5678                        main
     0000183C  A$main$5679                        main
     0000183D  A$main$5680                        main
     0000183E  A$main$5682                        main
     0000183F  A$main$5685                        main
     00001841  A$main$5688                        main
     00001842  A$main$5689                        main
ASxxxx Linker V03.00 + NoICE + sdld,  page 24.
Hexadecimal  [32-Bits]

Area                                    Addr        Size        Decimal Bytes (Attributes)
--------------------------------        ----        ----        ------- ----- ------------
_CODE                               00000200    00003240 =       12864. bytes (REL,CON)

      Value  Global                              Global Defined In Module
      -----  --------------------------------   ------------------------
     00001843  A$main$5690                        main
     00001846  A$main$5691                        main
     00001847  A$main$5692                        main
     00001848  A$main$5693                        main
     00001849  A$main$5694                        main
     0000184B  A$main$5698                        main
     0000184B  C$card_structures.c$175$1_0$178    main
     0000184D  A$main$5699                        main
     0000184E  A$main$5700                        main
     0000184F  A$main$5701                        main
     00001850  A$main$5702                        main
     00001853  A$main$5703                        main
     00001854  A$main$5704                        main
     00001855  A$main$5705                        main
     00001856  A$main$5706                        main
     00001857  A$main$5707                        main
     00001858  A$main$5711                        main
     00001858  C$card_structures.c$176$1_0$178    main
     00001859  A$main$5712                        main
     0000185A  A$main$5713                        main
     0000185B  A$main$5715                        main
     0000185C  A$main$5717                        main
     0000185D  A$main$5720                        main
     0000185F  A$main$5723                        main
     00001860  A$main$5724                        main
     00001861  A$main$5725                        main
     00001864  A$main$5726                        main
     00001865  A$main$5727                        main
     00001866  A$main$5728                        main
     00001867  A$main$5729                        main
     00001869  A$main$5733                        main
     00001869  C$card_structures.c$179$1_0$178    main
     0000186B  A$main$5734                        main
     0000186C  A$main$5735                        main
     0000186D  A$main$5736                        main
     0000186E  A$main$5737                        main
     00001871  A$main$5738                        main
     00001872  A$main$5739                        main
     00001873  A$main$5740                        main
     00001874  A$main$5741                        main
     00001875  A$main$5742                        main
     00001876  A$main$5746                        main
     00001876  C$card_structures.c$180$1_0$178    main
     00001877  A$main$5747                        main
     00001878  A$main$5748                        main
     00001879  A$main$5752                        main
     00001879  C$card_structures.c$183$3_0$182    main
     0000187B  A$main$5753                        main
     0000187C  A$main$5754                        main
     0000187D  A$main$5755                        main
     0000187E  A$main$5756                        main
ASxxxx Linker V03.00 + NoICE + sdld,  page 25.
Hexadecimal  [32-Bits]

Area                                    Addr        Size        Decimal Bytes (Attributes)
--------------------------------        ----        ----        ------- ----- ------------
_CODE                               00000200    00003240 =       12864. bytes (REL,CON)

      Value  Global                              Global Defined In Module
      -----  --------------------------------   ------------------------
     00001881  A$main$5757                        main
     00001882  A$main$5758                        main
     00001883  A$main$5759                        main
     00001884  A$main$5760                        main
     00001885  A$main$5761                        main
     00001887  A$main$5762                        main
     00001889  A$main$5765                        main
     0000188A  A$main$5767                        main
     0000188B  A$main$5770                        main
     0000188D  A$main$5773                        main
     0000188E  A$main$5774                        main
     0000188F  A$main$5775                        main
     00001892  A$main$5776                        main
     00001893  A$main$5777                        main
     00001894  A$main$5778                        main
     00001895  A$main$5779                        main
     00001897  A$main$5783                        main
     00001897  C$card_structures.c$185$3_0$182    main
     00001898  A$main$5784                        main
     00001899  A$main$5785                        main
     0000189B  A$main$5786                        main
     0000189C  A$main$5787                        main
     0000189E  A$main$5788                        main
     0000189F  A$main$5789                        main
     000018A0  A$main$5790                        main
     000018A1  A$main$5791                        main
     000018A2  A$main$5792                        main
     000018A3  A$main$5796                        main
     000018A3  C$card_structures.c$186$3_0$182    main
     000018A4  A$main$5797                        main
     000018A5  A$main$5798                        main
     000018A6  A$main$5802                        main
     000018A6  C$card_structures.c$183$2_0$181    main
     000018A8  A$main$5803                        main
     000018A9  A$main$5804                        main
     000018AA  A$main$5805                        main
     000018AC  A$main$5806                        main
     000018AE  A$main$5810                        main
     000018AE  C$card_structures.c$188$2_0$178    main
     000018B0  A$main$5811                        main
     000018B1  A$main$5812                        main
     000018B3  A$main$5813                        main
     000018B4  A$main$5823                        main
     000018B4  C$card_structures.c$190$2_0$193    main
     000018B4  G$display_hand$0$0                 main
     000018B4  _display_hand                      main
     000018B6  A$main$5824                        main
     000018B7  A$main$5825                        main
     000018B8  A$main$5829                        main
     000018B8  C$card_structures.c$192$2_0$193    main
     000018BA  A$main$5830                        main
ASxxxx Linker V03.00 + NoICE + sdld,  page 26.
Hexadecimal  [32-Bits]

Area                                    Addr        Size        Decimal Bytes (Attributes)
--------------------------------        ----        ----        ------- ----- ------------
_CODE                               00000200    00003240 =       12864. bytes (REL,CON)

      Value  Global                              Global Defined In Module
      -----  --------------------------------   ------------------------
     000018BC  A$main$5834                        main
     000018BC  C$card_structures.c$193$3_0$195    main
     000018BF  A$main$5835                        main
     000018C0  A$main$5836                        main
     000018C1  A$main$5837                        main
     000018C2  A$main$5838                        main
     000018C4  A$main$5839                        main
     000018C5  A$main$5840                        main
     000018C6  A$main$5841                        main
[...]
      -----  --------------------------------   ------------------------
ASxxxx Linker V03.00 + NoICE + sdld,  page 117.
Hexadecimal  [32-Bits]

Area                                    Addr        Size        Decimal Bytes (Attributes)
--------------------------------        ----        ----        ------- ----- ------------
_HEADER4                            00000000    0000004C =          76. bytes (ABS,CON)

      Value  Global                              Global Defined In Module
      -----  --------------------------------   ------------------------
     00000080  .int                               Runtime
     0000008F  _wait_int_handler                  Runtime
     0000009C  __standard_VBL_handler             Runtime
     000000AC  _refresh_OAM                       Runtime

ASxxxx Linker V03.00 + NoICE + sdld,  page 118.
Hexadecimal  [32-Bits]

Area                                    Addr        Size        Decimal Bytes (Attributes)
--------------------------------        ----        ----        ------- ----- ------------
_HEADER5                            00000000    00000002 =           2. bytes (ABS,CON)

      Value  Global                              Global Defined In Module
      -----  --------------------------------   ------------------------
ASxxxx Linker V03.00 + NoICE + sdld,  page 119.
Hexadecimal  [32-Bits]

Area                                    Addr        Size        Decimal Bytes (Attributes)
--------------------------------        ----        ----        ------- ----- ------------
_HEADER6                            00000000    00000030 =          48. bytes (ABS,CON)

      Value  Global                              Global Defined In Module
      -----  --------------------------------   ------------------------
ASxxxx Linker V03.00 + NoICE + sdld,  page 120.
Hexadecimal  [32-Bits]

Area                                    Addr        Size        Decimal Bytes (Attributes)
--------------------------------        ----        ----        ------- ----- ------------
_HEADER7                            00000000    00000006 =           6. bytes (ABS,CON)

      Value  Global                              Global Defined In Module
      -----  --------------------------------   ------------------------
ASxxxx Linker V03.00 + NoICE + sdld,  page 121.
Hexadecimal  [32-Bits]

Area                                    Addr        Size        Decimal Bytes (Attributes)
--------------------------------        ----        ----        ------- ----- ------------
_HEADER8                            00000000    00000003 =           3. bytes (ABS,CON)

      Value  Global                              Global Defined In Module
      -----  --------------------------------   ------------------------
ASxxxx Linker V03.00 + NoICE + sdld,  page 122.
Hexadecimal  [32-Bits]

Area                                    Addr        Size        Decimal Bytes (Attributes)
--------------------------------        ----        ----        ------- ----- ------------
_HEADER9                            00000000    00000001 =           1. bytes (ABS,CON)

      Value  Global                              Global Defined In Module
      -----  --------------------------------   ------------------------
ASxxxx Linker V03.00 + NoICE + sdld,  page 123.
Hexadecimal  [32-Bits]

Area                                    Addr        Size        Decimal Bytes (Attributes)
--------------------------------        ----        ----        ------- ----- ------------
_HEADERa                            00000000    00000001 =           1. bytes (ABS,CON)

      Value  Global                              Global Defined In Module
      -----  --------------------------------   ------------------------
ASxxxx Linker V03.00 + NoICE + sdld,  page 124.
Hexadecimal  [32-Bits]

Area                                    Addr        Size        Decimal Bytes (Attributes)
--------------------------------        ----        ----        ------- ----- ------------
_HEADERb                            00000000    00000001 =           1. bytes (ABS,CON)

      Value  Global                              Global Defined In Module
      -----  --------------------------------   ------------------------
ASxxxx Linker V03.00 + NoICE + sdld,  page 125.
Hexadecimal  [32-Bits]

Area                                    Addr        Size        Decimal Bytes (Attributes)
--------------------------------        ----        ----        ------- ----- ------------
_HEADERc                            00000000    00000002 =           2. bytes (ABS,CON)

      Value  Global                              Global Defined In Module
      -----  --------------------------------   ------------------------
ASxxxx Linker V03.00 + NoICE + sdld,  page 126.
Hexadecimal  [32-Bits]

Area                                    Addr        Size        Decimal Bytes (Attributes)
--------------------------------        ----        ----        ------- ----- ------------
_HEADERd                            00000000    00000001 =           1. bytes (ABS,CON)

      Value  Global                              Global Defined In Module
      -----  --------------------------------   ------------------------
ASxxxx Linker V03.00 + NoICE + sdld,  page 127.
Hexadecimal  [32-Bits]

Area                                    Addr        Size        Decimal Bytes (Attributes)
--------------------------------        ----        ----        ------- ----- ------------
_HEADERe                            00000000    00000001 =           1. bytes (ABS,CON)

      Value  Global                              Global Defined In Module
      -----  --------------------------------   ------------------------
ASxxxx Linker V03.00 + NoICE + sdld,  page 128.
Hexadecimal  [32-Bits]

Area                                    Addr        Size        Decimal Bytes (Attributes)
--------------------------------        ----        ----        ------- ----- ------------
_HEADERf                            00000000    00000002 =           2. bytes (ABS,CON)

      Value  Global                              Global Defined In Module
      -----  --------------------------------   ------------------------
ASxxxx Linker V03.00 + NoICE + sdld,  page 129.
Hexadecimal  [32-Bits]

Area                                    Addr        Size        Decimal Bytes (Attributes)
--------------------------------        ----        ----        ------- ----- ------------
_HEADER10                           00000000    00000084 =         132. bytes (ABS,CON)

      Value  Global                              Global Defined In Module
      -----  --------------------------------   ------------------------
     00000150  .reset                             Runtime
     00000150  _reset                             Runtime
     00000157  .code_start                        Runtime
     000001B9  _exit                              Runtime
     000001BD  _set_interrupts                    Runtime

ASxxxx Linker V03.00 + NoICE + sdld,  page 130.
Hexadecimal  [32-Bits]

Area                                    Addr        Size        Decimal Bytes (Attributes)
--------------------------------        ----        ----        ------- ----- ------------
_HEADER11                           00000000    00000001 =           1. bytes (ABS,CON)

      Value  Global                              Global Defined In Module
      -----  --------------------------------   ------------------------
ASxxxx Linker V03.00 + NoICE + sdld,  page 131.
Hexadecimal  [32-Bits]

Area                                    Addr        Size        Decimal Bytes (Attributes)
--------------------------------        ----        ----        ------- ----- ------------
_HOME                               00003440    00000963 =        2403. bytes (REL,CON)

      Value  Global                              Global Defined In Module
      -----  --------------------------------   ------------------------
     00003440  .memset_simple                     Runtime
     00003449  .memcpy_simple                     Runtime
     00003466  .remove_VBL                        Runtime
     00003469  .remove_int                        Runtime
     00003486  .add_VBL                           Runtime
     00003489  .add_int                           Runtime
     00003494  .wait_vbl_done                     Runtime
     00003494  _wait_vbl_done                     Runtime
     000034A4  .display_off                       Runtime
     000034A4  _display_off                       Runtime
     000034BC  _remove_VBL                        Runtime
     000034C7  _add_VBL                           Runtime
     000034D2  _uitoa                             itoa
     000034E1  _itoa                              itoa
     000034F0  .itoa                              itoa
     00003504  .utoa                              itoa
     00003578  _rand                              
     00003578  _randw                             
     000035A3  _initrand                          
     000035A5  .initrand                          
     000035AE  .padup                             
     000035AE  _waitpadup                         
     000035BE  .jpad                              
     000035BE  _joypad                            
     000035E6  _waitpad                           
     000035E7  .wait_pad                          
     000035EE  _set_win_tiles                     
     00003602  _set_tile_data                     
     00003607  _set_bkg_data                      
     00003607  _set_win_data                      
     0000360F  _set_sprite_data                   
     0000363F  _strlen                            strlen
     00003644  .strlen                            strlen
     0000364D  _set_bkg_tiles                     
     00003661  .set_xy_wtt                        SetTileMap
     0000366A  .set_xy_btt                        SetTileMap
     00003679  .set_xy_tt                         SetTileMap
     000036BB  _font_load_ibm                     font.ms
     000036C2  font_load                          font.ms
     0000370A  font_copy_current                  font.ms
     00003740  font_set                           font.ms
     0000374D  .put_char                          font.ms
     00003765  .out_char                          font.ms
     0000376B  .del_char                          font.ms
     000037C1  _putchar                           font.ms
     000037CA  _setchar                           font.ms
     000037D3  _font_load                         font.ms
     000037E1  _font_set                          font.ms
     000037F0  _font_init                         font.ms
     0000380F  .cls                               font.ms
ASxxxx Linker V03.00 + NoICE + sdld,  page 132.
Hexadecimal  [32-Bits]

Area                                    Addr        Size        Decimal Bytes (Attributes)
--------------------------------        ----        ----        ------- ----- ------------
_HOME                               00003440    00000963 =        2403. bytes (REL,CON)

      Value  Global                              Global Defined In Module
      -----  --------------------------------   ------------------------
     0000380F  _cls                               font.ms
     00003831  _gotoxy                            font.ms
     0000383C  _posx                              font.ms
     0000384D  _posy                              font.ms
     00003875  .cr_curs                           font.ms
     0000388A  .adv_curs                          font.ms
     000038E6  .tmode                             font.ms
     0000390F  .tmode_out                         font.ms
     00003918  _color                             
     00003918  _set_1bpp_colors_ex                
     00003927  .drawing_vbl                       
     00003932  .drawing_lcd                       
     0000396E  _add_LCD                           
     00003979  .add_LCD                           
     0000397F  _remove_LCD                        
     0000398A  .remove_LCD                        
     00003990  _font_ibm                          
     00003D42  _set_bkg_1bpp_data                 
     00003D42  _set_win_1bpp_data                 
     00003D4A  _set_sprite_1bpp_data              
     00003DA2  ___sdcc_call_hl                    call_hl

ASxxxx Linker V03.00 + NoICE + sdld,  page 133.
Hexadecimal  [32-Bits]

Area                                    Addr        Size        Decimal Bytes (Attributes)
--------------------------------        ----        ----        ------- ----- ------------
_INITIALIZER                        00003DA3    0000001A =          26. bytes (REL,CON)

      Value  Global                              Global Defined In Module
      -----  --------------------------------   ------------------------
     00003DA3  Fmain$__xinit_bkg_cash_bet$0_0$0   main
     00003DB5  Fmain$__xinit_numberOfGames$0_0$   main

ASxxxx Linker V03.00 + NoICE + sdld,  page 134.
Hexadecimal  [32-Bits]

Area                                    Addr        Size        Decimal Bytes (Attributes)
--------------------------------        ----        ----        ------- ----- ------------
_GSINIT                             00003DBD    0000000C =          12. bytes (REL,CON)

      Value  Global                              Global Defined In Module
      -----  --------------------------------   ------------------------
     00003DBD  gsinit                             Runtime

ASxxxx Linker V03.00 + NoICE + sdld,  page 135.
Hexadecimal  [32-Bits]

Area                                    Addr        Size        Decimal Bytes (Attributes)
--------------------------------        ----        ----        ------- ----- ------------
_GSFINAL                            00003DC9    00000001 =           1. bytes (REL,CON)

      Value  Global                              Global Defined In Module
      -----  --------------------------------   ------------------------
ASxxxx Linker V03.00 + NoICE + sdld,  page 136.
Hexadecimal  [32-Bits]

Area                                    Addr        Size        Decimal Bytes (Attributes)
--------------------------------        ----        ----        ------- ----- ------------
_DATA                               0000C0A0    00000079 =         121. bytes (REL,CON)

      Value  Global                              Global Defined In Module
      -----  --------------------------------   ------------------------
     0000C0A0  __cpu                              Runtime
     0000C0A1  __is_GBA                           Runtime
     0000C0A2  .mode                              Runtime
     0000C0A3  .sys_time                          Runtime
     0000C0A3  _sys_time                          Runtime
     0000C0A5  .int_0x40                          Runtime
     0000C0B1  G$i$0_0$0                          main
     0000C0B1  _i                                 main
     0000C0B2  G$j$0_0$0                          main
     0000C0B2  _j                                 main
     0000C0B3  G$k$0_0$0                          main
     0000C0B3  _k                                 main
     0000C0B4  G$player_split_cards$0_0$0         main
     0000C0B4  _player_split_cards                main
     0000C0C0  ___rand_seed                       
     0000C0FB  font_current                       font.ms
     0000C0FE  font_first_free_tile               font.ms
     0000C0FF  font_table                         font.ms
     0000C111  .int_0x48                          

ASxxxx Linker V03.00 + NoICE + sdld,  page 137.
Hexadecimal  [32-Bits]

Area                                    Addr        Size        Decimal Bytes (Attributes)
--------------------------------        ----        ----        ------- ----- ------------
_INITIALIZED                        0000C119    0000001A =          26. bytes (REL,CON)

      Value  Global                              Global Defined In Module
      -----  --------------------------------   ------------------------
     0000C119  G$bkg_cash_bet$0_0$0               main
     0000C119  _bkg_cash_bet                      main
     0000C12B  G$numberOfGames$0_0$0              main
     0000C12B  _numberOfGames                     main
     0000C12D  __map_tile_offset                  SetTileMap
     0000C12E  .curx                              font.ms
     0000C12F  .cury                              font.ms
     0000C130  .fg_colour                         
     0000C130  __current_1bpp_colors              
     0000C131  .bg_colour                         
     0000C132  .draw_mode                         

ASxxxx Linker V03.00 + NoICE + sdld,  page 138.
Hexadecimal  [32-Bits]

Area                                    Addr        Size        Decimal Bytes (Attributes)
--------------------------------        ----        ----        ------- ----- ------------
_HRAM12                             00000000    00000003 =           3. bytes (ABS,CON)

      Value  Global                              Global Defined In Module
      -----  --------------------------------   ------------------------
     0000FF90  __current_bank                     Runtime
     0000FF92  __shadow_OAM_base                  Runtime

ASxxxx Linker V03.00 + NoICE + sdld,  page 139.
Hexadecimal  [32-Bits]

Area                                    Addr        Size        Decimal Bytes (Attributes)
--------------------------------        ----        ----        ------- ----- ------------
_FONT_HEADER0                       00000000    00000003 =           3. bytes (ABS,CON)

      Value  Global                              Global Defined In Module
      -----  --------------------------------   ------------------------
ASxxxx Linker V03.00 + NoICE + sdld,  page 140.
Hexadecimal  [32-Bits]

Area                                    Addr        Size        Decimal Bytes (Attributes)
--------------------------------        ----        ----        ------- ----- ------------
_HEADER_LCD0                        00000000    00000003 =           3. bytes (ABS,CON)

      Value  Global                              Global Defined In Module
      -----  --------------------------------   ------------------------
ASxxxx Linker V03.00 + NoICE + sdld,  page 141.

Files Linked                              [ module(s) ]

c:\gbdk\lib/gb/crt0.o                     [ Runtime ]
main.o                                    [ main ]


Libraries Linked                          [ object file ]

c:\gbdk\lib/sm83/sm83.lib                 [ itoa.o ]
c:\gbdk\lib/gb/gb.lib                     [ sfr.o ]
c:\gbdk\lib/sm83/sm83.lib                 [ rand.o ]
c:\gbdk\lib/gb/gb.lib                     [ pad.o ]
c:\gbdk\lib/sm83/sm83.lib                 [ div.o ]
c:\gbdk\lib/gb/gb.lib                     [ set_wi_t.o ]
c:\gbdk\lib/sm83/sm83.lib                 [ arand.o ]
c:\gbdk\lib/gb/gb.lib                     [ set_data.o ]
c:\gbdk\lib/sm83/sm83.lib                 [ printf.o ]
c:\gbdk\lib/gb/gb.lib                     [ set_tile.o ]
c:\gbdk\lib/sm83/sm83.lib                 [ strlen.o ]
c:\gbdk\lib/gb/gb.lib                     [ set_bk_t.o ]
c:\gbdk\lib/gb/gb.lib                     [ set_xy_t.o ]
c:\gbdk\lib/gb/gb.lib                     [ font.o ]
c:\gbdk\lib/gb/gb.lib                     [ color.o ]
c:\gbdk\lib/gb/gb.lib                     [ drawing_isr.o ]
c:\gbdk\lib/gb/gb.lib                     [ lcd.o ]
c:\gbdk\lib/gb/gb.lib                     [ f_ibm_sh.o ]
c:\gbdk\lib/sm83/sm83.lib                 [ sprintf.o ]
c:\gbdk\lib/gb/gb.lib                     [ set_1bit_data.o ]
c:\gbdk\lib/sm83/sm83.lib                 [ __sdcc_call_hl.o ]

ASxxxx Linker V03.00 + NoICE + sdld,  page 142.

User Base Address Definitions

_DATA=0xC0A0
_CODE=0x0200
ASxxxx Linker V03.00 + NoICE + sdld,  page 143.

User Global Definitions

_shadow_OAM=0xC000
.STACK=0xE000
.refresh_OAM=0xFF80

